../Core/handler.cpp:14:7:void NMI_Handler()	4	static
../Core/handler.cpp:18:7:void HardFault_Handler()	4	static
../Core/handler.cpp:22:7:void MemManage_Handler()	4	static
../Core/handler.cpp:26:7:void BusFault_Handler()	4	static
../Core/handler.cpp:30:7:void UsageFault_Handler()	4	static
../Core/handler.cpp:34:7:void SVC_Handler()	4	static
../Core/handler.cpp:38:7:void DebugMon_Handler()	4	static
../Core/handler.cpp:42:7:void PendSV_Handler()	4	static
../Core/handler.cpp:46:7:void SysTick_Handler()	8	static
