../Core/handler.cpp:13:7:void Reset_Handler()	4	static
../Core/handler.cpp:17:7:void NMI_Handler()	4	static
../Core/handler.cpp:21:7:void HardFault_Handler()	4	static
../Core/handler.cpp:25:7:void MemManage_Handler()	4	static
../Core/handler.cpp:29:7:void BusFault_Handler()	4	static
../Core/handler.cpp:33:7:void UsageFault_Handler()	4	static
../Core/handler.cpp:37:7:void SVC_Handler()	4	static
../Core/handler.cpp:41:7:void DebugMon_Handler()	4	static
../Core/handler.cpp:45:7:void PendSV_Handler()	4	static
../Core/handler.cpp:49:7:void SysTick_Handler()	8	static
